   Compiling audio-separator-core v0.1.0 (D:\alice\audio-separator-rs\crates\audio-separator-core)
warning: unused variable: `freq`
   --> crates\audio-separator-core\src\backend\local\arch\mdx.rs:199:13
    |
199 |         let freq = spec[0][0].len();
    |             ^^^^ help: if this is intentional, prefix it with an underscore: `_freq`
    |
    = note: `#[warn(unused_variables)]` (part of `#[warn(unused)]`) on by default

warning: `audio-separator-core` (lib test) generated 1 warning (run `cargo fix --lib -p audio-separator-core --tests` to apply 1 suggestion)
    Finished `test` profile [unoptimized + debuginfo] target(s) in 2.35s
     Running unittests src\lib.rs (target\debug\deps\audio_separator_core-722156e06396d520.exe)

running 3 tests
test weights::convert::tests::offset_respected ... ok
test weights::convert::tests::strided_copy ... ok
test weights::convert::tests::contiguous_copy ... ok

test result: ok. 3 passed; 0 failed; 0 ignored; 0 measured; 0 filtered out; finished in 0.00s

